


ARM Macro Assembler    Page 1 


    1 00000000                 PRESERVE8
    2 00000000                 THUMB
    3 00000000         
    4 00000000                 EXPORT           SortieSon
    5 00000000                 EXPORT           timer_callback
    6 00000000                 EXPORT           Compteur
    7 00000000                 IMPORT           Son
    8 00000000                 IMPORT           LongueurSon
    9 00000000         
   10 00000000         ; ====================== zone de réservation de données,
                         ======================================
   11 00000000         ;Section RAM (read only) :
   12 00000000                 area             mesdata,data,readonly
   13 00000000         
   14 00000000         
   15 00000000         ;Section RAM (read write):
   16 00000000                 area             maram,data,readwrite
   17 00000000         
   18 00000000         
   19 00000000 00 00   SortieSon
                               DCW              0
   20 00000002 00 00 00000000 
                       Compteur
                               DCD              0
   21 00000008         ; ======================================================
                       =========================================
   22 00000008         
   23 00000008         ;Section ROM code (read only) :  
   24 00000008                 area             moncode,code,readonly
   25 00000000         ; écrire le code ici  
   26 00000000         
   27 00000000         timer_callback
                               proc
   28 00000000 E92D 4FF0       push             {r4-r11,lr}
   29 00000004         
   30 00000004 490B            ldr              r1, =Son
   31 00000006 4B0C            ldr              r3, =Compteur
   32 00000008 681A            ldr              r2, [r3]
   33 0000000A         
   34 0000000A 4F0C            ldr              r7, =LongueurSon
   35 0000000C 683F            ldr              r7, [r7]
   36 0000000E         
   37 0000000E 42BA            cmp              r2, r7
   38 00000010 D00C            beq              fin
   39 00000012         
   40 00000012 F931 0012       ldrsh            r0, [r1,r2, LSL#1]
   41 00000016 F500 4000       add              r0, #32768
   42 0000001A F04F 065B       mov              r6, #91
   43 0000001E FB90 F0F6       sdiv             r0, r0, r6
   44 00000022         
   45 00000022 4D07            ldr              r5, =SortieSon
   46 00000024 8028            strh             r0, [r5]
   47 00000026         
   48 00000026 F102 0201       add              r2, #1      ;*Compteur + 1
   49 0000002A 601A            str              r2, [r3]    ;Compteur++ 
   50 0000002C         
   51 0000002C         fin
   52 0000002C         
   53 0000002C E8BD 4FF0       pop              {r4-r11,lr}



ARM Macro Assembler    Page 2 


   54 00000030 4770            bx               lr
   55 00000032                 endp
   56 00000032         
   57 00000032                 END
              00 00 00000000 
              00000000 
              00000000 
              00000000 
Command Line: --debug --xref --diag_suppress=9931 --cpu=Cortex-M3 --apcs=interw
ork --depend=.\obj\gestionson.d -o.\obj\gestionson.o -I.\RTE\_Simu -IC:\Program
data\Keil\Arm\Packs\ARM\CMSIS\5.7.0\CMSIS\Core\Include -IC:\Programdata\Keil\Ar
m\Packs\Keil\STM32F1xx_DFP\2.3.0\Device\Include --predefine="__EVAL SETA 1" --p
redefine="__MICROLIB SETA 1" --predefine="__UVISION_VERSION SETA 530" --predefi
ne="_RTE_ SETA 1" --predefine="STM32F10X_MD SETA 1" --predefine="_RTE_ SETA 1" 
--list=gestionson.lst Src\GestionSon.s



ARM Macro Assembler    Page 1 Alphabetic symbol ordering
Relocatable symbols

mesdata 00000000

Symbol: mesdata
   Definitions
      At line 12 in file Src\GestionSon.s
   Uses
      None
Comment: mesdata unused
1 symbol



ARM Macro Assembler    Page 1 Alphabetic symbol ordering
Relocatable symbols

Compteur 00000004

Symbol: Compteur
   Definitions
      At line 20 in file Src\GestionSon.s
   Uses
      At line 6 in file Src\GestionSon.s
      At line 31 in file Src\GestionSon.s

SortieSon 00000000

Symbol: SortieSon
   Definitions
      At line 19 in file Src\GestionSon.s
   Uses
      At line 4 in file Src\GestionSon.s
      At line 45 in file Src\GestionSon.s

maram 00000000

Symbol: maram
   Definitions
      At line 16 in file Src\GestionSon.s
   Uses
      None
Comment: maram unused
3 symbols



ARM Macro Assembler    Page 1 Alphabetic symbol ordering
Relocatable symbols

fin 0000002C

Symbol: fin
   Definitions
      At line 51 in file Src\GestionSon.s
   Uses
      At line 38 in file Src\GestionSon.s
Comment: fin used once
moncode 00000000

Symbol: moncode
   Definitions
      At line 24 in file Src\GestionSon.s
   Uses
      None
Comment: moncode unused
timer_callback 00000000

Symbol: timer_callback
   Definitions
      At line 27 in file Src\GestionSon.s
   Uses
      At line 5 in file Src\GestionSon.s
Comment: timer_callback used once
3 symbols



ARM Macro Assembler    Page 1 Alphabetic symbol ordering
External symbols

LongueurSon 00000000

Symbol: LongueurSon
   Definitions
      At line 8 in file Src\GestionSon.s
   Uses
      At line 34 in file Src\GestionSon.s
Comment: LongueurSon used once
Son 00000000

Symbol: Son
   Definitions
      At line 7 in file Src\GestionSon.s
   Uses
      At line 30 in file Src\GestionSon.s
Comment: Son used once
2 symbols
346 symbols in table
